// Jest Snapshot v1, https://goo.gl/fbAQLP

exports[`snapshot: empty form 1`] = `
<DocumentFragment>
  <form>
    <label
      for="width"
    >
      Width: 
    </label>
    <input
      data-testid="box-newBox_input-width"
      name="width"
      type="number"
      value=""
    />
    <label
      for="height"
    >
      Height: 
    </label>
    <input
      data-testid="box-newBox_input-height"
      name="height"
      type="number"
      value=""
    />
    <label
      for="backgroundColor"
    >
      Background Color: 
    </label>
    <input
      data-testid="box-newBox_input-bgColor"
      name="backgroundColor"
      type="text"
      value=""
    />
    <button
      data-testid="submitButtonName"
    >
      Submit
    </button>
  </form>
</DocumentFragment>
`;
